// Jest Snapshot v1, https://goo.gl/fbAQLP

exports[`Should render <NetworkDetector/> 1`] = `<div />`;
