{
  "body": {
    "meta": {},
    "data": {
      "id": "5017f5cf-712e-42c1-97d0-46d29c90c004",
      "createdAt": "2024-03-02T14:34:42.380Z",
      "updatedAt": "2024-03-02T14:34:42.381Z",
      "name": "Test hook",
      "regex": "/this (is) a [regex]/g",
      "function": {
        "id": "a3cf4805-9d86-4c0e-9999-93467684a21e",
        "createdAt": "2024-03-02T14:34:42.378Z",
        "updatedAt": "2024-03-02T14:34:42.378Z",
        "code": "import { data, takaro } from '@takaro/helpers';\nasync function main() {\n    // TODO: write my function...\n}\nawait main();",
        "name": null,
        "moduleId": null
      },
      "eventType": "log",
      "moduleId": "8847cb10-b0d6-4f7f-b2c0-a18c977a3032",
      "functionId": "a3cf4805-9d86-4c0e-9999-93467684a21e"
    }
  },
  "status": 200,
  "test": {
    "group": "HookController",
    "snapshot": true,
    "name": "Create",
    "filteredFields": [
      "moduleId",
      "functionId"
    ],
    "expectedStatus": 200,
    "standardEnvironment": true
  }
}