{
  "body": {
    "meta": {},
    "data": {
      "id": "cb6a6cef-8292-4bb2-8c48-d322e4de4190",
      "createdAt": "2024-03-02T14:34:41.727Z",
      "updatedAt": "2024-03-02T14:34:41.729Z",
      "name": "Test hook",
      "regex": "/this (is) a [regex]/g",
      "function": {
        "id": "9877fe96-c1cb-404e-aa7d-01a3647d01f5",
        "createdAt": "2024-03-02T14:34:41.726Z",
        "updatedAt": "2024-03-02T14:34:41.726Z",
        "code": "import { data, takaro } from '@takaro/helpers';\nasync function main() {\n    // TODO: write my function...\n}\nawait main();",
        "name": null,
        "moduleId": null
      },
      "eventType": "log",
      "moduleId": "9bd452d8-de38-4131-94b2-0b69ffc79262",
      "functionId": "9877fe96-c1cb-404e-aa7d-01a3647d01f5"
    }
  },
  "status": 200,
  "test": {
    "group": "HookController",
    "snapshot": true,
    "name": "Get by ID",
    "filteredFields": [
      "moduleId",
      "functionId"
    ],
    "expectedStatus": 200,
    "standardEnvironment": true
  }
}