// Jest Snapshot v1, https://goo.gl/fbAQLP

exports[`Should render <NotificationBanner/> 1`] = `<div />`;
