{
  "body": {
    "meta": {
      "serverTime": "2023-03-16T13:15:23.075Z",
      "error": {
        "code": "BadRequestError",
        "details": {}
      }
    },
    "data": {}
  },
  "status": 400,
  "test": {
    "group": "VariableController",
    "snapshot": true,
    "name": "Prevents creating more than config.get('takaro.maxVariables') (100) variables",
    "expectedStatus": 400,
    "filteredFields": [],
    "standardEnvironment": true
  }
}