{
  "body": {
    "meta": {},
    "data": {
      "id": "f0d4f19d-0b58-409c-9ec7-870216990e62",
      "createdAt": "2023-05-03T15:02:59.592Z",
      "updatedAt": "2023-05-03T15:02:59.592Z",
      "key": "Variable",
      "value": "Test value",
      "gameServerId": "d0724d67-3b83-416d-95fc-2ac4db64fe30",
      "playerId": null
    }
  },
  "status": 200,
  "test": {
    "group": "VariableController",
    "snapshot": true,
    "name": "Same key but different gameServerId is allowed",
    "filteredFields": [
      "gameServerId"
    ],
    "expectedStatus": 200,
    "standardEnvironment": true
  }
}