{
  "body": {
    "meta": {},
    "data": {
      "id": "1a2a69ee-6533-4445-a365-3deb4d49dc8d",
      "createdAt": "2023-05-03T13:40:50.753Z",
      "updatedAt": "2023-05-03T13:40:50.776Z",
      "key": "Updated variable",
      "value": "Updated value",
      "gameServerId": null,
      "playerId": null
    }
  },
  "status": 200,
  "test": {
    "group": "VariableController",
    "snapshot": true,
    "name": "Update",
    "expectedStatus": 200,
    "filteredFields": [],
    "standardEnvironment": true
  }
}