{
  "body": {
    "meta": {
      "serverTime": "2022-09-13T19:03:32.577Z"
    },
    "data": true
  },
  "status": 200,
  "test": {
    "group": "GameServerController",
    "name": "Delete",
    "expectedStatus": 200,
    "filteredFields": [],
    "standardEnvironment": true
  }
}