{
  "body": {
    "meta": {},
    "data": [
      {
        "id": "da851468-eb11-410a-8b80-7a1fbbc8831c",
        "createdAt": "2023-04-16T18:13:20.059Z",
        "updatedAt": "2023-04-16T18:13:20.060Z",
        "gameserverId": "2f7d485f-e63e-4d13-8e5a-8c5659216b96",
        "moduleId": "5fc2984b-1789-4360-9cdf-ae12e6b0ff82",
        "userConfig": {},
        "systemConfig": {}
      }
    ]
  },
  "status": 200,
  "test": {
    "group": "GameServerController",
    "snapshot": true,
    "name": "Get list of installed modules",
    "filteredFields": [
      "gameserverId",
      "moduleId"
    ],
    "expectedStatus": 200,
    "standardEnvironment": true
  }
}