// Jest Snapshot v1, https://goo.gl/fbAQLP

exports[`Should render <Accordion /> 1`] = `
.c0 {
  position: relative;
  display: -webkit-box;
  display: -webkit-flex;
  display: -ms-flexbox;
  display: flex;
  -webkit-align-items: center;
  -webkit-box-align: center;
  -ms-flex-align: center;
  align-items: center;
  width: 70%;
  margin: 1rem auto 1rem auto;
}

.c1 {
  width: 100%;
  height: 1px;
  background-color: #d3d3d3;
  z-index: 0;
}

<div>
  <div
    class="c0"
    spacing="medium"
  >
    <div
      class="c1"
    />
  </div>
</div>
`;
