{
  "body": {
    "meta": {
      "serverTime": "2022-09-22T13:11:05.516Z"
    },
    "data": {
      "name": "Updated module",
      "enabled": false,
      "updatedAt": "2022-09-22T13:11:05.508Z",
      "createdAt": "2022-09-22T13:11:05.482Z",
      "id": "855a3fb8-a4b1-4136-814f-097f0d17608f",
      "config": {},
      "cronJobs": []
    }
  },
  "status": 200,
  "test": {
    "group": "ModuleController",
    "name": "Update",
    "expectedStatus": 200,
    "filteredFields": [],
    "standardEnvironment": true
  }
}