{
  "body": {
    "meta": {
      "serverTime": "2022-09-17T22:00:20.575Z"
    },
    "data": {
      "name": "Test cronJob",
      "temporalValue": "0 * * * *",
      "createdAt": "2022-09-17T22:00:20.554Z",
      "updatedAt": "2022-09-17T22:00:20.565Z",
      "id": "971ccd2b-1845-487b-8c2a-f69bc0383d14",
      "enabled": true,
      "functions": [
        {}
      ]
    }
  },
  "status": 200,
  "test": {
    "group": "CronJobController",
    "name": "Create",
    "expectedStatus": 200,
    "filteredFields": [],
    "standardEnvironment": true
  }
}