{
  "body": {
    "meta": {},
    "data": {
      "gameserverId": "0d7c8436-9dbd-4441-a5d7-3ed7e2a337d8",
      "moduleId": "40f13560-ee55-4cc5-ac11-0e8293814064",
      "userConfig": {
        "foo": "bar"
      },
      "systemConfig": {}
    }
  },
  "status": 200,
  "test": {
    "group": "ModuleConfig",
    "snapshot": true,
    "name": "Installing a module with correct config",
    "filteredFields": [
      "gameserverId",
      "moduleId"
    ],
    "expectedStatus": 200,
    "standardEnvironment": true
  }
}