{
  "body": {
    "meta": {},
    "data": {
      "gameserverId": "d40317c6-71ad-42bd-b0b1-89e06ebb1fc7",
      "moduleId": "507b40b2-c4a3-4a4f-aedb-a88da25c9a4b",
      "userConfig": "{}",
      "systemConfig": "{\"cronJobs\":{\"Test cron job\":\"5 * * * *\",\"Test cron job 2\":\"13 * * * *\"}}"
    }
  },
  "status": 200,
  "test": {
    "group": "ModuleConfig",
    "snapshot": true,
    "name": "Installing with correct system config - multiple cron jobs",
    "filteredFields": [
      "gameserverId",
      "moduleId"
    ],
    "expectedStatus": 200,
    "standardEnvironment": true
  }
}