{
  "body": {
    "meta": {},
    "data": {
      "id": "e4a060c9-eb1f-462f-a55c-9fa2eed9bba7",
      "createdAt": "2024-03-02T14:34:20.771Z",
      "updatedAt": "2024-03-02T14:34:20.773Z",
      "name": "Test command",
      "trigger": "test",
      "helpText": "No help text available",
      "function": {
        "id": "6d36e17c-ec64-48d9-a594-1f07f4b8663f",
        "createdAt": "2024-03-02T14:34:20.770Z",
        "updatedAt": "2024-03-02T14:34:20.770Z",
        "code": "import { data, takaro } from '@takaro/helpers';\nasync function main() {\n    // TODO: write my function...\n}\nawait main();",
        "name": null,
        "moduleId": null
      },
      "functionId": "6d36e17c-ec64-48d9-a594-1f07f4b8663f",
      "moduleId": "5e7548a5-0b4f-4181-8674-edda9c8e48d9",
      "arguments": []
    }
  },
  "status": 200,
  "test": {
    "group": "CommandController",
    "snapshot": true,
    "name": "Create",
    "filteredFields": [
      "moduleId",
      "functionId"
    ],
    "expectedStatus": 200,
    "standardEnvironment": true
  }
}