{
  "body": {
    "meta": {},
    "data": {
      "id": "175e861d-295f-4ae0-8143-6e3d456b040b",
      "createdAt": "2024-03-02T14:34:20.103Z",
      "updatedAt": "2024-03-02T14:34:20.105Z",
      "name": "Test command",
      "trigger": "test",
      "helpText": "No help text available",
      "function": {
        "id": "13ce58bc-36de-420b-8706-20ac2843b7ed",
        "createdAt": "2024-03-02T14:34:20.102Z",
        "updatedAt": "2024-03-02T14:34:20.102Z",
        "code": "import { data, takaro } from '@takaro/helpers';\nasync function main() {\n    // TODO: write my function...\n}\nawait main();",
        "name": null,
        "moduleId": null
      },
      "functionId": "13ce58bc-36de-420b-8706-20ac2843b7ed",
      "moduleId": "7c0b6ead-1cca-4711-bda5-044a3ceb044f",
      "arguments": []
    }
  },
  "status": 200,
  "test": {
    "group": "CommandController",
    "snapshot": true,
    "name": "Get by ID",
    "filteredFields": [
      "moduleId",
      "functionId"
    ],
    "expectedStatus": 200,
    "standardEnvironment": true
  }
}