{
  "data": {
    "meta": {
      "serverTime": "2022-08-20T13:49:06.850Z"
    },
    "data": [
      {
        "id": "ece63ecf-6b6e-4424-aa74-db1f1101c539",
        "createdAt": "2022-08-20T13:49:06.840Z",
        "updatedAt": "2022-08-20T13:49:06.840Z",
        "name": "auto-test-filter"
      }
    ]
  },
  "test": {
    "name": "Domain controller Basic fetch with filter",
    "url": "/domain?filters[name]=auto-test-filter",
    "method": "get"
  }
}