{
  "data": {
    "meta": {
      "serverTime": "2022-08-20T13:49:06.891Z"
    },
    "data": [
      {
        "id": "60dd1664-9ef2-41d3-87ec-48715c1377ac",
        "createdAt": "2022-08-20T13:49:06.879Z",
        "updatedAt": "2022-08-20T13:49:06.879Z",
        "name": "auto-test-filter-sort-aaa"
      },
      {
        "id": "e8b5ab71-0ab2-42c0-a92b-d54ce0d3cff9",
        "createdAt": "2022-08-20T13:49:06.882Z",
        "updatedAt": "2022-08-20T13:49:06.883Z",
        "name": "auto-test-filter-sort-bbb"
      }
    ]
  },
  "test": {
    "name": "Domain controller Basic fetch sort asc",
    "url": "/domain?sortBy=name&sortDirection=asc",
    "method": "get"
  }
}