{
  "body": {
    "meta": {
      "serverTime": "2022-08-21T17:54:34.761Z",
      "error": {
        "message": "Not authorized",
        "code": "UnauthorizedError",
        "details": {}
      }
    },
    "data": {}
  },
  "status": 401,
  "test": {
    "group": "DomainController",
    "name": "DELETE no auth",
    "standardEnvironment": true,
    "url": "/domain/aaa",
    "method": "delete",
    "expectedStatus": 401,
    "filteredFields": []
  }
}