{
  "body": {
    "meta": {
      "serverTime": "2022-08-21T17:54:34.406Z",
      "error": {
        "message": "Not authorized",
        "code": "UnauthorizedError",
        "details": {}
      }
    },
    "data": {}
  },
  "status": 401,
  "test": {
    "group": "DomainController",
    "name": "POST no auth",
    "standardEnvironment": true,
    "url": "/domain",
    "method": "post",
    "expectedStatus": 401,
    "filteredFields": []
  }
}