{
  "body": {
    "meta": {
      "serverTime": "2022-09-10T10:53:55.079Z",
      "error": {
        "message": "Not found",
        "code": "NotFoundError",
        "details": {}
      }
    },
    "data": {}
  },
  "status": 404,
  "test": {
    "group": "RolesController",
    "name": "DELETE Delete with non-existing id",
    "standardEnvironment": true,
    "filteredFields": [
      "roleId"
    ],
    "url": "/role/f2357510-6f18-4177-a7ad-109c11d485f9",
    "method": "delete",
    "expectedStatus": 404
  }
}