{
  "body": {
    "meta": {
      "serverTime": "2022-09-10T10:53:53.395Z",
      "error": {
        "message": "Validation error",
        "code": "ValidationError",
        "details": [
          {
            "target": {
              "name": "auto-test-create"
            },
            "property": "capabilities",
            "children": [],
            "constraints": {
              "arrayMinSize": "capabilities must contain at least 1 elements",
              "isArray": "capabilities must be an array",
              "IsCapabilityArray": "Invalid capabilities"
            }
          }
        ]
      }
    },
    "data": {}
  },
  "status": 400,
  "test": {
    "group": "RolesController",
    "name": "POST Create with no capabilities",
    "standardEnvironment": true,
    "filteredFields": [
      "roleId"
    ],
    "url": "/role",
    "method": "post",
    "body": {
      "name": "auto-test-create"
    },
    "expectedStatus": 400
  }
}