{
  "body": {
    "meta": {
      "serverTime": "2022-08-21T18:04:12.770Z",
      "error": {
        "message": "Validation error",
        "code": "ValidationError",
        "details": [
          {
            "target": {
              "name": "auto-test-create",
              "capabilities": [
                "invalid-capability"
              ]
            },
            "value": [
              "invalid-capability"
            ],
            "property": "capabilities",
            "children": [],
            "constraints": {
              "IsCapabilityArray": "Invalid capabilities"
            }
          }
        ]
      }
    },
    "data": {}
  },
  "status": 400,
  "test": {
    "group": "RolesController",
    "name": "POST Create with invalid capabilities",
    "standardEnvironment": true,
    "url": "/role",
    "method": "post",
    "body": {
      "name": "auto-test-create",
      "capabilities": [
        "invalid-capability"
      ]
    },
    "expectedStatus": 400,
    "filteredFields": []
  }
}