// Jest Snapshot v1, https://goo.gl/fbAQLP

exports[`Should render <Avatar/> 1`] = `
.c0 {
  border-radius: 50%;
  background-size: cover;
  background-position: center;
  display: -webkit-box;
  display: -webkit-flex;
  display: -ms-flexbox;
  display: flex;
  -webkit-align-items: center;
  -webkit-box-align: center;
  -ms-flex-align: center;
  align-items: center;
  -webkit-box-pack: center;
  -webkit-justify-content: center;
  -ms-flex-pack: center;
  justify-content: center;
  color: white;
  font-weight: 700;
  background-color: #664DE5;
  width: 6rem;
  height: 6rem;
  font-size: 2rem;
}

<div>
  <div
    aria-label="Avatar"
    class="c0"
    role="img"
  />
</div>
`;
